int main();
static void _cscout_dummy1(void) { _cscout_dummy1(); }
static void _cscout_dummy2(void) { _cscout_dummy2(); }
(((2) * (2)) +  ((5) * (5)) + 1)
(x + 2 +  (longname, 3))
((3) * (3))
"(\"hello world\\n\", '\\a')"
