int main();
static void _cscout_dummy1(void) { _cscout_dummy1(); }
static void _cscout_dummy2(void) { _cscout_dummy2(); }
char DRIVER_NAME_hello; 
